// Jest Snapshot v1, https://goo.gl/fbAQLP

exports[`Service: Itunes Search album by term 1`] = `
Array [
  1,
  2,
  3,
]
`;
